
 gcc -g p11original.c
 gdb a.out
GNU gdb (Ubuntu 8.1.1-0ubuntu1) 8.1.1
Copyright (C) 2018 Free Software Foundation, Inc.
License GPLv3+: GNU GPL version 3 or later <http://gnu.org/licenses/gpl.html>
This is free software: you are free to change and redistribute it.
There is NO WARRANTY, to the extent permitted by law.  Type "show copying"
and "show warranty" for details.
This GDB was configured as "x86_64-linux-gnu".
Type "show configuration" for configuration details.
For bug reporting instructions, please see:
<http://www.gnu.org/software/gdb/bugs/>.
Find the GDB manual and other documentation resources online at:
<http://www.gnu.org/software/gdb/documentation/>.
For help, type "help".
Type "apropos word" to search for commands related to "word"...
Reading symbols from a.out...done.
(gdb) b main
Breakpoint 1 at 0xa3f: file p11original.c, line 67.
(gdb) r
Starting program: /home/runner/ppss-is-2/a.out 
warning: Error disabling address space randomization: Operation not permitted

Breakpoint 1, main () at p11original.c:67
67  {
(gdb) n
69    n = input_n();
(gdb) s
input_n () at p11original.c:14
14  {
(gdb) n
16    printf("Enter number of Complex numbers\n");
(gdb) n
Enter number of Complex numbers
17    scanf("%d", &n);
(gdb) n
3
18    return n;
(gdb) n
19  }
(gdb) n
main () at p11original.c:70
70    Complex c[n];
(gdb) s
71    input_n_complex(n, c);
(gdb) n
Enter real and imaginary value of Complex number:
2   3
Enter real and imaginary value of Complex number:
4   5
Enter real and imaginary value of Complex number:
6   8
72    Complex sum = add_n_complex(n, c);
(gdb) n
73    output(n, c, sum);
(gdb) n
2.000000+3.000000i
4.000000+5.000000i
(6.000000+8.000000i) is (12.000000+16.000000i)
74    return 0;
(gdb) c
Continuing.
[Inferior 1 (process 270) exited normally]
(gdb) 